
                                 *****************
                                 * O   R   C   A *
                                 *****************

           --- An Ab Initio, DFT and Semiempirical electronic structure package ---

                  #######################################################
                  #                        -***-                        #
                  #          Department of theory and spectroscopy      #
                  #               Directorship: Frank Neese             #
                  #        Max Planck Institute fuer Kohlenforschung    #
                  #                Kaiser Wilhelm Platz 1               #
                  #                 D-45470 Muelheim/Ruhr               #
                  #                      Germany                        #
                  #                                                     #
                  #                  All rights reserved                #
                  #                        -***-                        #
                  #######################################################


                         Program Version 4.1.0  - RELEASE  -


 With contributions from (in alphabetic order):
   Daniel Aravena         : Magnetic Properties
   Michael Atanasov       : Ab Initio Ligand Field Theory
   Alexander A. Auer      : GIAO ZORA
   Ute Becker             : Parallelization
   Giovanni Bistoni       : ED, Open-shell LED
   Martin Brehm           : Molecular dynamics
   Dmytro Bykov           : SCF Hessian
   Vijay G. Chilkuri      : MRCI spin determinant printing
   Dipayan Datta          : RHF DLPNO-CCSD density
   Achintya Kumar Dutta   : EOM-CC, STEOM-CC
   Dmitry Ganyushin       : Spin-Orbit,Spin-Spin,Magnetic field MRCI
   Miquel Garcia          : C-PCM Hessian
   Yang Guo               : DLPNO-NEVPT2, CIM, IAO-localization
   Andreas Hansen         : Spin unrestricted coupled pair/coupled cluster methods
   Benjamin Helmich-Paris : CASSCF linear response (MC-RPA)
   Lee Huntington         : MR-EOM, pCC
   Robert Izsak           : Overlap fitted RIJCOSX, COSX-SCS-MP3, EOM
   Christian Kollmar      : KDIIS, OOCD, Brueckner-CCSD(T), CCSD density
   Simone Kossmann        : Meta GGA functionals, TD-DFT gradient, OOMP2, MP2 Hessian
   Martin Krupicka        : AUTO-CI
   Lucas Lang             : DCDCAS
   Dagmar Lenk            : GEPOL surface, SMD
   Dimitrios Liakos       : Extrapolation schemes; parallel MDCI
   Dimitrios Manganas     : ROCIS; embedding schemes
   Dimitrios Pantazis     : SARC Basis sets
   Taras Petrenko         : DFT Hessian,TD-DFT gradient, ASA, ECA, R-Raman, ABS, FL, XAS/XES, NRVS
   Peter Pinski           : DLPNO-MP2, DLPNO-MP2 Gradient
   Christoph Reimann      : Effective Core Potentials
   Marius Retegan         : Local ZFS, SOC
   Christoph Riplinger    : Optimizer, TS searches, QM/MM, DLPNO-CCSD(T), (RO)-DLPNO pert. Triples
   Tobias Risthaus        : Range-separated hybrids, TD-DFT gradient, RPA, STAB
   Michael Roemelt        : Restricted open shell CIS
   Masaaki Saitow         : Open-shell DLPNO
   Barbara Sandhoefer     : DKH picture change effects
   Avijit Sen             : IP-ROCIS
   Kantharuban Sivalingam : CASSCF convergence, NEVPT2, FIC-MRCI
   Bernardo de Souza      : ESD, SOC TD-DFT
   Georgi Stoychev        : AutoAux, RI-MP2 NMR
   Willem Van den Heuvel  : Paramagnetic NMR
   Boris Wezisla          : Elementary symmetry handling
   Frank Wennmohs         : Technical directorship


 We gratefully acknowledge several colleagues who have allowed us to
 interface, adapt or use parts of their codes:
   Stefan Grimme, W. Hujo, H. Kruse,             : VdW corrections, initial TS optimization,
                  C. Bannwarth                     DFT functionals, gCP, sTDA/sTD-DF
   Ed Valeev                                     : LibInt (2-el integral package), F12 methods
   Garnet Chan, S. Sharma, J. Yang, R. Olivares  : DMRG
   Ulf Ekstrom                                   : XCFun DFT Library
   Mihaly Kallay                                 : mrcc  (arbitrary order and MRCC methods)
   Andreas Klamt, Michael Diedenhofen            : otool_cosmo (COSMO solvation model)
   Jiri Pittner, Ondrej Demel                    : Mk-CCSD
   Frank Weinhold                                : gennbo (NPA and NBO analysis)
   Christopher J. Cramer and Donald G. Truhlar   : smd solvation model
   Lars Goerigk                                  : TD-DFT with DH, B97 family of functionals
   V. Asgeirsson, H. Jonsson                     : NEB implementation
   FAccTs GmbH                                   : IRC, NEB, NEB-TS, Multilevel


 Your calculation uses the libint2 library for the computation of 2-el integrals
 For citations please refer to: http://libint.valeyev.net

 This ORCA versions uses:
   CBLAS   interface :  Fast vector & matrix operations
   LAPACKE interface :  Fast linear algebra routines
   SCALAPACK package :  Parallel linear algebra routines




***************************************
The coordinates will be read from file: 04_hcn_iso_irc_IRC_F.xyz
***************************************


leaving
----- Orbital basis set information -----
Your calculation utilizes the basis: def2-SVP
   F. Weigend and R. Ahlrichs, Phys. Chem. Chem. Phys. 7, 3297 (2005).

================================================================================
                                        WARNINGS
                       Please study these warnings very carefully!
================================================================================


WARNING: Direct SCF is incompatible with Method<>HF and Method<>DFT
  ===> : conventional SCF is chosen

WARNING: The NDO methods need Guess=HUECKEL or Guess=HCORE or Guess=MOREAD
  ===> : Guess is set to Hueckel

WARNING: The NDO methods need %rel::SOCType==1
  ===> : %rel::SOCType is set to 1

WARNING: The NDO methods cannot have frozencore=1
  ===> : %method FrozenCore=0 end

WARNING: Analytical Hessian for frequencies calculation 
       : with Method<>HF or Method<>DFT is not available!
  ===> : Switching to Numerical Hessian!

INFO   : the flag for use of LIBINT has been found!

================================================================================
                                       INPUT FILE
================================================================================
NAME = 05_hcn_iso_educt_freq.inp
|  1> ! PM3 Freq
|  2> 
|  3> *xyzfile 0 1 04_hcn_iso_irc_IRC_F.xyz
|  4> 
|  5>                          ****END OF INPUT****
================================================================================

                       ****************************
                       * Single Point Calculation *
                       ****************************

---------------------------------
CARTESIAN COORDINATES (ANGSTROEM)
---------------------------------
  C     -0.025635    0.500982   -0.568516
  H     -1.095371    0.500982   -0.602096
  N      1.129537    0.500982   -0.534632

----------------------------
CARTESIAN COORDINATES (A.U.)
----------------------------
  NO LB      ZA    FRAG     MASS         X           Y           Z
   0 C     4.0000    0    12.011   -0.048443    0.946719   -1.074339
   1 H     1.0000    0     1.008   -2.069950    0.946719   -1.137796
   2 N     5.0000    0    14.007    2.134515    0.946719   -1.010308

--------------------------------
INTERNAL COORDINATES (ANGSTROEM)
--------------------------------
 C      0   0   0     0.000000000000     0.00000000     0.00000000
 H      1   0   0     1.070262687396     0.00000000     0.00000000
 N      1   2   0     1.155668418512   179.88217460     0.00000000

---------------------------
INTERNAL COORDINATES (A.U.)
---------------------------
 C      0   0   0     0.000000000000     0.00000000     0.00000000
 H      1   0   0     2.022503370534     0.00000000     0.00000000
 N      1   2   0     2.183896812610   179.88217460     0.00000000

----------------------------
SLATER BASIS SET DIM=   9
----------------------------
  0 C     2 shells
 l=0 nsto= 1
    2       1.565085000000        1.000000000000
 l=1 nsto= 1
    2       1.842345000000        1.000000000000
  1 H     1 shells
 l=0 nsto= 1
    1       0.967807000000        1.000000000000
  2 N     2 shells
 l=0 nsto= 1
    2       2.028094000000        1.000000000000
 l=1 nsto= 1
    2       2.313728000000        1.000000000000
------------------------------------------------------------------------------
                           ORCA NDO INTEGRAL CALCULATION
------------------------------------------------------------------------------

--------------
NDO PARAMETERS
--------------

Gamma integral treatment              ... MOPAC
Nuclear repulsuion treatment          ... AM1-style
Interaction factors:
s-s (sigma) =    1.0000
s-p (sigma) =    1.0000
s-d (sigma) =    1.0000
p-p (sigma) =    1.0000  p-p(pi) =    1.0000
p-d (sigma) =    1.0000  p-d(pi) =    1.0000
d-d (sigma) =    1.0000  d-d(pi) =    1.0000 d-d (delta) =    1.0000

--------------------------
Parameters for Element H :
--------------------------
 One-electron parameters (in eV)
  U(s)  =   -13.073321 Beta(s) =     5.626512 Neff(s) =     1.000000
 One-center electron repulsion parameters (in eV)
  G(s,s)=    14.794208
--------------------------
Parameters for Element C :
--------------------------
 One-electron parameters (in eV)
  U(s)  =   -47.270320 Beta(s) =    11.910015 Neff(s) =     2.000000
  U(p)  =   -36.266918 Beta(p) =     9.802755 Neff(p) =     2.000000 
 One-center electron repulsion parameters (in eV)
  G(s,s)=    11.200708
  G(s,p)=    10.265027 G(p,p)  =     9.627141
 Slater-Condon parameters (in eV)
 F2(p,p)=     7.3072 G1(s,p)=    6.8729
--------------------------
Parameters for Element N :
--------------------------
 One-electron parameters (in eV)
  U(s)  =   -49.335672 Beta(s) =    14.062521 Neff(s) =     2.000000
  U(p)  =   -47.509736 Beta(p) =    20.043848 Neff(p) =     3.000000 
 One-center electron repulsion parameters (in eV)
  G(s,s)=    11.904787
  G(s,p)=     7.348565 G(p,p)  =    11.123075
 Slater-Condon parameters (in eV)
 F2(p,p)=     3.9475 G1(s,p)=    3.4101

 Number of atoms                    ....    3
 Number of basis functions          ....    9

 Overlap integrals                  .... done
 One electron matrix                .... done
 Nuclear repulsion                  .... done
 Integral list                      .... done
 Electron-electron repulsion        .... done
-------------------------------------------------------------------------------
                                 ORCA SCF
-------------------------------------------------------------------------------

------------
SCF SETTINGS
------------
Hamiltonian:
 ZDO-Hamiltonian        Method          .... NDDO


General Settings:
 Integral files         IntName         .... 05_hcn_iso_educt_freq
 Hartree-Fock type      HFTyp           .... RHF
 Total Charge           Charge          ....    0
 Multiplicity           Mult            ....    1
 Number of Electrons    NEL             ....   10
 Basis Dimension        Dim             ....    9
 Nuclear Repulsion      ENuc            ....      9.3424686745 Eh

Convergence Acceleration:
 DIIS                   CNVDIIS         .... on
   Start iteration      DIISMaxIt       ....    12
   Startup error        DIISStart       ....  0.200000
   # of expansion vecs  DIISMaxEq       ....     5
   Bias factor          DIISBfac        ....   1.050
   Max. coefficient     DIISMaxC        ....  10.000
 Newton-Raphson         CNVNR           .... off
 SOSCF                  CNVSOSCF        .... on
   Start iteration      SOSCFMaxIt      ....   150
   Startup grad/error   SOSCFStart      ....  0.003300
 Level Shifting         CNVShift        .... on
   Level shift para.    LevelShift      ....    0.2500
   Turn off err/grad.   ShiftErr        ....    0.0010
 Zerner damping         CNVZerner       .... off
 Static damping         CNVDamp         .... on
   Fraction old density DampFac         ....    0.7000
   Max. Damping (<1)    DampMax         ....    0.9800
   Min. Damping (>=0)   DampMin         ....    0.0000
   Turn off err/grad.   DampErr         ....    0.1000
 Fernandez-Rico         CNVRico         .... off

SCF Procedure:
 Maximum # iterations   MaxIter         ....   125
 SCF integral mode      SCFMode         .... Conventional
 Integral Buffer length BufferLength    .... 1048576
 Integral index format  IndFormat       ....     0
 Integral value format  ValFormat       ....     0
 Integral Storage       Thresh          ....  1.000e-08 Eh

Convergence Tolerance:
 Convergence Check Mode ConvCheckMode   .... Total+1el-Energy
 Convergence forced     ConvForced      .... 0
 Energy Change          TolE            ....  1.000e-06 Eh
 1-El. energy change                    ....  1.000e-03 Eh
 Orbital Gradient       TolG            ....  5.000e-05
 Orbital Rotation angle TolX            ....  5.000e-05
 DIIS Error             TolErr          ....  1.000e-06


Diagonalization of the overlap matrix:
Smallest eigenvalue                        ... 2.167e-01
Time for diagonalization                   ...    0.000 sec
Threshold for overlap eigenvalues          ... 1.000e-08
Number of eigenvalues below threshold      ... 0
Time for construction of square roots      ...    0.000 sec
Total time needed                          ...    0.000 sec

-------------------------------
INITIAL GUESS: EXTENDED HUECKEL
-------------------------------
EHT matrix was read from disk
EHT matrix was diagonalized
Initial density was built
                      ------------------
                      INITIAL GUESS DONE
                      ------------------

 InCore treatment chosen:
   Memory dedicated               ...    1024 MB
   Memory needed                  ...      0 MB
   Number of tiny    integrals    ...       0
   Number of small   integrals    ...       8
   Number of regular integrals    ...      97

--------------
SCF ITERATIONS
--------------
ITER       Energy         Delta-E        Max-DP      RMS-DP      [F,P]     Damp
  0    -10.7828156941   0.000000000000 0.05541797  0.01253195  0.1465549 0.7000
  1    -10.7965578099  -0.013742115850 0.05788733  0.01292074  0.1195749 0.7000
                               ***Turning on DIIS***
  2    -10.8081041357  -0.011546325725 0.15826923  0.03524874  0.0911774 0.0000
  3    -10.8408130120  -0.032708876383 0.03264246  0.00799236  0.0349350 0.0000
  4    -10.8428336731  -0.002020661010 0.02152262  0.00619575  0.0156739 0.0000
  5    -10.8430514247  -0.000217751608 0.00869039  0.00255903  0.0050835 0.0000
                      *** Initiating the SOSCF procedure ***
                           *** Shutting down DIIS ***
                      *** Re-Reading the Fockian *** 
                      *** Removing any level shift *** 
ITER      Energy       Delta-E        Grad      Rot      Max-DP    RMS-DP
  6    -10.84303952   0.0000119021  0.003085  0.003085  0.006240  0.001446
  7    -10.84320199  -0.0001624699  0.000836  0.001548  0.002266  0.000523
  8    -10.84320869  -0.0000067018  0.000413  0.001493  0.002318  0.000476
  9    -10.84321074  -0.0000020455  0.000028  0.000037  0.000074  0.000019
                 **** Energy Check signals convergence ****
              ***Rediagonalizing the Fockian in SOSCF/NRSCF***

               *****************************************************
               *                     SUCCESS                       *
               *           SCF CONVERGED AFTER  10 CYCLES          *
               *****************************************************


----------------
TOTAL SCF ENERGY
----------------

Total Energy       :          -10.84321075 Eh            -295.05876 eV

Components:
Nuclear Repulsion  :            9.34246867 Eh             254.22150 eV
Electronic Energy  :          -20.18567942 Eh            -549.28026 eV
One Electron Energy:          -33.73602372 Eh            -918.00388 eV
Two Electron Energy:           13.55034429 Eh             368.72361 eV


---------------
SCF CONVERGENCE
---------------

  Last Energy change         ...   -9.0733e-09  Tolerance :   1.0000e-06
  Last MAX-Density change    ...    5.1803e-05  Tolerance :   1.0000e-05
  Last RMS-Density change    ...    9.8333e-06  Tolerance :   1.0000e-06
  Last Orbital Gradient      ...    1.2170e-05  Tolerance :   5.0000e-05
  Last Orbital Rotation      ...    2.4118e-05  Tolerance :   5.0000e-05

             **** THE GBW FILE WAS UPDATED (05_hcn_iso_educt_freq.gbw) ****
             **** DENSITY FILE WAS UPDATED (05_hcn_iso_educt_freq.scfp.tmp) ****
             **** ENERGY FILE WAS UPDATED (05_hcn_iso_educt_freq.en.tmp) ****
----------------
ORBITAL ENERGIES
----------------

  NO   OCC          E(Eh)            E(eV) 
   0   2.0000      -1.149231       -31.2722 
   1   2.0000      -0.728368       -19.8199 
   2   2.0000      -0.488481       -13.2922 
   3   2.0000      -0.488481       -13.2922 
   4   2.0000      -0.463115       -12.6020 
   5   0.0000       0.053563         1.4575 
   6   0.0000       0.053564         1.4576 
   7   0.0000       0.076913         2.0929 
   8   0.0000       0.238546         6.4912 

                    ********************************
                    * MULLIKEN POPULATION ANALYSIS *
                    ********************************

-----------------------
MULLIKEN ATOMIC CHARGES
-----------------------
   0 C :   -0.240281
   1 H :    0.340004
   2 N :   -0.099723
Sum of atomic charges:    0.0000000

--------------------------------
MULLIKEN REDUCED ORBITAL CHARGES
--------------------------------
  0 C s       :     1.441293  s :     1.441293
      pz      :     0.949327  p :     2.798988
      px      :     0.900294
      py      :     0.949367
  1 H s       :     0.659996  s :     0.659996
  2 N s       :     1.882559  s :     1.882559
      pz      :     1.050706  p :     3.217165
      px      :     1.115826
      py      :     1.050633


                     *******************************
                     * LOEWDIN POPULATION ANALYSIS *
                     *******************************

----------------------
LOEWDIN ATOMIC CHARGES
----------------------
   0 C :   -0.159926
   1 H :    0.226934
   2 N :   -0.067008

-------------------------------
LOEWDIN REDUCED ORBITAL CHARGES
-------------------------------
  0 C s       :     1.281490  s :     1.281490
      pz      :     0.950544  p :     2.878436
      px      :     0.977374
      py      :     0.950518
  1 H s       :     0.773066  s :     0.773066
  2 N s       :     1.746493  s :     1.746493
      pz      :     1.049645  p :     3.320515
      px      :     1.221389
      py      :     1.049482


                      *****************************
                      * MAYER POPULATION ANALYSIS *
                      *****************************

  NA   - Mulliken gross atomic population
  ZA   - Total nuclear charge
  QA   - Mulliken gross atomic charge
  VA   - Mayer's total valence
  BVA  - Mayer's bonded valence
  FA   - Mayer's free valence

  ATOM       NA         ZA         QA         VA         BVA        FA
  0 C      4.2403     4.0000    -0.2403     3.7573     3.7573     0.0000
  1 H      0.6600     1.0000     0.3400     0.8844     0.8844     0.0000
  2 N      5.0997     5.0000    -0.0997     2.9914     2.9914     0.0000

  Mayer bond orders larger than 0.1
B(  0-C ,  1-H ) :   0.8252 B(  0-C ,  2-N ) :   2.9322 

-------
TIMINGS
-------

Total SCF time: 0 days 0 hours 0 min 0 sec 

Total time                  ....       0.274 sec
Sum of individual times     ....       0.050 sec  ( 18.1%)

Fock matrix formation       ....       0.048 sec  ( 17.6%)
Diagonalization             ....       0.000 sec  (  0.1%)
Density matrix formation    ....       0.000 sec  (  0.0%)
Population analysis         ....       0.000 sec  (  0.1%)
Initial guess               ....       0.000 sec  (  0.0%)
Orbital Transformation      ....       0.000 sec  (  0.0%)
Orbital Orthonormalization  ....       0.000 sec  (  0.0%)
DIIS solution               ....       0.000 sec  (  0.1%)
SOSCF solution              ....       0.000 sec  (  0.1%)

-------------------------   --------------------
FINAL SINGLE POINT ENERGY       -10.843210748874
-------------------------   --------------------


                            ***************************************
                            *     ORCA property calculations      *
                            ***************************************

                                    ---------------------
                                    Active property flags
                                    ---------------------
   (+) Dipole Moment


------------------------------------------------------------------------------
                       ORCA ELECTRIC PROPERTIES CALCULATION
------------------------------------------------------------------------------

Dipole Moment Calculation                       ... on
Quadrupole Moment Calculation                   ... off
Polarizability Calculation                      ... off
GBWName                                         ... 05_hcn_iso_educt_freq.gbw
Electron density file                           ... 05_hcn_iso_educt_freq.scfp.tmp
The origin for moment calculation is the CENTER OF MASS  = ( 1.007541,  0.946719 -1.043520)

-------------
DIPOLE MOMENT
-------------
                                X             Y             Z
Electronic contribution:      3.63934       0.00000       0.11108
Nuclear contribution   :     -1.66655       0.00000      -0.05149
                        -----------------------------------------
Total Dipole Moment    :      1.97279       0.00000       0.05959
                        -----------------------------------------
Magnitude (a.u.)       :      1.97369
Magnitude (Debye)      :      5.01672



--------------------
Rotational spectrum 
--------------------
 
Rotational constants in cm-1: 4740387.317016     1.476718     1.476718 
Rotational constants in MHz : 142113236564.020325 44270.902543 44270.888752 

 Dipole components along the rotational axes: 
x,y,z [a.u.] :     1.973691     0.001099     0.000000 
x,y,z [Debye]:     5.016723     0.002794     0.000000 

 

----------------------------------------------------------------------------
                           ORCA NUMERICAL FREQUENCIES
----------------------------------------------------------------------------

Number of atoms                ... 3
Central differences            ... used
Number of displacements        ... 18
Numerical increment            ... 0.005 bohr
IR-spectrum generation         ... on
Raman-spectrum generation      ... off
Surface Crossing Hessian       ... off

The output will be reduced. Please look at the following files:
SCF program output             ... >05_hcn_iso_educt_freq.lastscf
Integral program output        ... >05_hcn_iso_educt_freq.lastint
Gradient program output        ... >05_hcn_iso_educt_freq.lastgrad
Dipole moment program output   ... >05_hcn_iso_educt_freq.lastmom
AutoCI program output          ... >05_hcn_iso_educt_freq.lastautoci


         <<< Energy and Gradient at the input geometry >>>

        <<< Energy and Gradient at displaced geometries >>>
             <<<Displacing   1/coordinate 1 (+)>>>
             <<<Displacing   1/coordinate 1 (-)>>>
             <<<Displacing   1/coordinate 2 (+)>>>
             <<<Displacing   1/coordinate 2 (-)>>>
             <<<Displacing   1/coordinate 3 (+)>>>
             <<<Displacing   1/coordinate 3 (-)>>>
             <<<Displacing   2/coordinate 1 (+)>>>
             <<<Displacing   2/coordinate 1 (-)>>>
             <<<Displacing   2/coordinate 2 (+)>>>
             <<<Displacing   2/coordinate 2 (-)>>>
             <<<Displacing   2/coordinate 3 (+)>>>
             <<<Displacing   2/coordinate 3 (-)>>>
             <<<Displacing   3/coordinate 1 (+)>>>
             <<<Displacing   3/coordinate 1 (-)>>>
             <<<Displacing   3/coordinate 2 (+)>>>
             <<<Displacing   3/coordinate 2 (-)>>>
             <<<Displacing   3/coordinate 3 (+)>>>
             <<<Displacing   3/coordinate 3 (-)>>>

-----------------------
VIBRATIONAL FREQUENCIES
-----------------------

Scaling factor for frequencies =  1.000000000 (already applied!)

   0:         0.00 cm**-1
   1:         0.00 cm**-1
   2:         0.00 cm**-1
   3:         0.00 cm**-1
   4:         0.00 cm**-1
   5:         0.00 cm**-1
   6:       943.00 cm**-1
   7:      2286.18 cm**-1
   8:      3301.03 cm**-1


------------
NORMAL MODES
------------

These modes are the cartesian displacements weighted by the diagonal matrix
M(i,i)=1/sqrt(m[i]) where m[i] is the mass of the displaced atom
Thus, these vectors are normalized but *not* orthogonal

                  0          1          2          3          4          5    
      0       0.000000   0.000000   0.000000   0.000000   0.000000   0.000000
      1       0.000000   0.000000   0.000000   0.000000   0.000000   0.000000
      2       0.000000   0.000000   0.000000   0.000000   0.000000   0.000000
      3       0.000000   0.000000   0.000000   0.000000   0.000000   0.000000
      4       0.000000   0.000000   0.000000   0.000000   0.000000   0.000000
      5       0.000000   0.000000   0.000000   0.000000   0.000000   0.000000
      6       0.000000   0.000000   0.000000   0.000000   0.000000   0.000000
      7       0.000000   0.000000   0.000000   0.000000   0.000000   0.000000
      8       0.000000   0.000000   0.000000   0.000000   0.000000   0.000000
                   6          7          8    
      0       0.004776   0.397819  -0.127614
      1       0.000000   0.000000  -0.000000
      2      -0.159157   0.011578  -0.003896
      3      -0.030945   0.824876   0.990598
      4      -0.000000  -0.000000  -0.000000
      5       0.984570   0.025576   0.030982
      6      -0.001868  -0.400491   0.038142
      7      -0.000000  -0.000000   0.000000
      8       0.065623  -0.011769   0.001111


-----------
IR SPECTRUM  
-----------

 Mode    freq (cm**-1)   T**2         TX         TY         TZ
-------------------------------------------------------------------
   6:       943.00   84.191084  (  0.300630   0.000000  -9.170644)
   7:      2286.18    7.490472  (  2.735641   0.000000   0.082099)
   8:      3301.03  2280.467745  ( 47.732216  -0.000000   1.450278)

The first frequency considered to be a vibration is 6
The total number of vibrations considered is 3


--------------------------
THERMOCHEMISTRY AT 298.15K
--------------------------

Temperature         ... 298.15 K
Pressure            ... 1.00 atm
Total Mass          ... 27.03 AMU

Throughout the following assumptions are being made:
  (1) The electronic state is orbitally nondegenerate
  (2) There are no thermally accessible electronically excited states
  (3) Hindered rotations indicated by low frequency modes are not
      treated as such but are treated as vibrations and this may
      cause some error
  (4) All equations used are the standard statistical mechanics
      equations for an ideal gas
  (5) All vibrations are strictly harmonic

freq.     943.00  E(vib)   ...       0.03 
freq.    2286.18  E(vib)   ...       0.00 
freq.    3301.03  E(vib)   ...       0.00 

------------
INNER ENERGY
------------

The inner energy is: U= E(el) + E(ZPE) + E(vib) + E(rot) + E(trans)
    E(el)   - is the total energy from the electronic structure calculation
              = E(kin-el) + E(nuc-el) + E(el-el) + E(nuc-nuc)
    E(ZPE)  - the the zero temperature vibrational energy from the frequency calculation
    E(vib)  - the the finite temperature correction to E(ZPE) due to population
              of excited vibrational states
    E(rot)  - is the rotational thermal energy
    E(trans)- is the translational thermal energy

Summary of contributions to the inner energy U:
Electronic energy                ...    -10.84321075 Eh
Zero point energy                ...      0.01487691 Eh       9.34 kcal/mol
Thermal vibrational correction   ...      0.00004603 Eh       0.03 kcal/mol
Thermal rotational correction    ...      0.00141627 Eh       0.89 kcal/mol
Thermal translational correction ...      0.00141627 Eh       0.89 kcal/mol
-----------------------------------------------------------------------
Total thermal energy                    -10.82545527 Eh


Summary of corrections to the electronic energy:
(perhaps to be used in another calculation)
Total thermal correction                  0.00287858 Eh       1.81 kcal/mol
Non-thermal (ZPE) correction              0.01487691 Eh       9.34 kcal/mol
-----------------------------------------------------------------------
Total correction                          0.01775548 Eh      11.14 kcal/mol


--------
ENTHALPY
--------

The enthalpy is H = U + kB*T
                kB is Boltzmann's constant
Total free energy                 ...    -10.82545527 Eh 
Thermal Enthalpy correction       ...      0.00094421 Eh       0.59 kcal/mol
-----------------------------------------------------------------------
Total Enthalpy                    ...    -10.82451106 Eh


Note: Rotational entropy computed according to Herzberg 
Infrared and Raman Spectra, Chapter V,1, Van Nostrand Reinhold, 1945 
Point Group:  Cs, Symmetry Number:   1  
Rotational constants in cm-1: 4740387.318010     1.476718     1.476718 

Vibrational entropy computed according to the QRRHO of S. Grimme
Chem.Eur.J. 2012 18 9955


-------
ENTROPY
-------

The entropy contributions are T*S = T*(S(el)+S(vib)+S(rot)+S(trans))
     S(el)   - electronic entropy
     S(vib)  - vibrational entropy
     S(rot)  - rotational entropy
     S(trans)- translational entropy
The entropies will be listed as mutliplied by the temperature to get
units of energy

Electronic entropy                ...      0.00000000 Eh      0.00 kcal/mol
Vibrational entropy               ...      0.00005610 Eh      0.04 kcal/mol
Rotational entropy                ...      0.00188595 Eh      1.18 kcal/mol
Translational entropy             ...      0.01701823 Eh     10.68 kcal/mol
-----------------------------------------------------------------------
Final entropy term                ...      0.01896029 Eh     11.90 kcal/mol


-------------------
GIBBS FREE ENTHALPY
-------------------

The Gibbs free enthalpy is G = H - T*S

Total enthalpy                    ...    -10.82451106 Eh 
Total entropy correction          ...     -0.01896029 Eh    -11.90 kcal/mol
-----------------------------------------------------------------------
Final Gibbs free enthalpy         ...    -10.84347134 Eh

For completeness - the Gibbs free enthalpy minus the electronic energy
G-E(el)                           ...     -0.00026059 Eh     -0.16 kcal/mol


Total Time for Numerical Frequencies  :         6.013 sec
Time for Reference State(s)           :         0.262 sec
Time for Displacements                :         5.725 sec

Timings for individual modules:

Sum of individual times         ...        0.490 sec (=   0.008 min)
STO integral calculation        ...        0.035 sec (=   0.001 min)   7.2 %
SCF iterations                  ...        0.441 sec (=   0.007 min)  90.0 %
SCF Gradient evaluation         ...        0.014 sec (=   0.000 min)   2.8 %
                             ****ORCA TERMINATED NORMALLY****
TOTAL RUN TIME: 0 days 0 hours 0 minutes 6 seconds 407 msec
