
                                 *****************
                                 * O   R   C   A *
                                 *****************

           --- An Ab Initio, DFT and Semiempirical electronic structure package ---

                  #######################################################
                  #                        -***-                        #
                  #          Department of theory and spectroscopy      #
                  #               Directorship: Frank Neese             #
                  #        Max Planck Institute fuer Kohlenforschung    #
                  #                Kaiser Wilhelm Platz 1               #
                  #                 D-45470 Muelheim/Ruhr               #
                  #                      Germany                        #
                  #                                                     #
                  #                  All rights reserved                #
                  #                        -***-                        #
                  #######################################################


                         Program Version 4.1.0  - RELEASE  -


 With contributions from (in alphabetic order):
   Daniel Aravena         : Magnetic Properties
   Michael Atanasov       : Ab Initio Ligand Field Theory
   Alexander A. Auer      : GIAO ZORA
   Ute Becker             : Parallelization
   Giovanni Bistoni       : ED, Open-shell LED
   Martin Brehm           : Molecular dynamics
   Dmytro Bykov           : SCF Hessian
   Vijay G. Chilkuri      : MRCI spin determinant printing
   Dipayan Datta          : RHF DLPNO-CCSD density
   Achintya Kumar Dutta   : EOM-CC, STEOM-CC
   Dmitry Ganyushin       : Spin-Orbit,Spin-Spin,Magnetic field MRCI
   Miquel Garcia          : C-PCM Hessian
   Yang Guo               : DLPNO-NEVPT2, CIM, IAO-localization
   Andreas Hansen         : Spin unrestricted coupled pair/coupled cluster methods
   Benjamin Helmich-Paris : CASSCF linear response (MC-RPA)
   Lee Huntington         : MR-EOM, pCC
   Robert Izsak           : Overlap fitted RIJCOSX, COSX-SCS-MP3, EOM
   Christian Kollmar      : KDIIS, OOCD, Brueckner-CCSD(T), CCSD density
   Simone Kossmann        : Meta GGA functionals, TD-DFT gradient, OOMP2, MP2 Hessian
   Martin Krupicka        : AUTO-CI
   Lucas Lang             : DCDCAS
   Dagmar Lenk            : GEPOL surface, SMD
   Dimitrios Liakos       : Extrapolation schemes; parallel MDCI
   Dimitrios Manganas     : ROCIS; embedding schemes
   Dimitrios Pantazis     : SARC Basis sets
   Taras Petrenko         : DFT Hessian,TD-DFT gradient, ASA, ECA, R-Raman, ABS, FL, XAS/XES, NRVS
   Peter Pinski           : DLPNO-MP2, DLPNO-MP2 Gradient
   Christoph Reimann      : Effective Core Potentials
   Marius Retegan         : Local ZFS, SOC
   Christoph Riplinger    : Optimizer, TS searches, QM/MM, DLPNO-CCSD(T), (RO)-DLPNO pert. Triples
   Tobias Risthaus        : Range-separated hybrids, TD-DFT gradient, RPA, STAB
   Michael Roemelt        : Restricted open shell CIS
   Masaaki Saitow         : Open-shell DLPNO
   Barbara Sandhoefer     : DKH picture change effects
   Avijit Sen             : IP-ROCIS
   Kantharuban Sivalingam : CASSCF convergence, NEVPT2, FIC-MRCI
   Bernardo de Souza      : ESD, SOC TD-DFT
   Georgi Stoychev        : AutoAux, RI-MP2 NMR
   Willem Van den Heuvel  : Paramagnetic NMR
   Boris Wezisla          : Elementary symmetry handling
   Frank Wennmohs         : Technical directorship


 We gratefully acknowledge several colleagues who have allowed us to
 interface, adapt or use parts of their codes:
   Stefan Grimme, W. Hujo, H. Kruse,             : VdW corrections, initial TS optimization,
                  C. Bannwarth                     DFT functionals, gCP, sTDA/sTD-DF
   Ed Valeev                                     : LibInt (2-el integral package), F12 methods
   Garnet Chan, S. Sharma, J. Yang, R. Olivares  : DMRG
   Ulf Ekstrom                                   : XCFun DFT Library
   Mihaly Kallay                                 : mrcc  (arbitrary order and MRCC methods)
   Andreas Klamt, Michael Diedenhofen            : otool_cosmo (COSMO solvation model)
   Jiri Pittner, Ondrej Demel                    : Mk-CCSD
   Frank Weinhold                                : gennbo (NPA and NBO analysis)
   Christopher J. Cramer and Donald G. Truhlar   : smd solvation model
   Lars Goerigk                                  : TD-DFT with DH, B97 family of functionals
   V. Asgeirsson, H. Jonsson                     : NEB implementation
   FAccTs GmbH                                   : IRC, NEB, NEB-TS, Multilevel


 Your calculation uses the libint2 library for the computation of 2-el integrals
 For citations please refer to: http://libint.valeyev.net

 This ORCA versions uses:
   CBLAS   interface :  Fast vector & matrix operations
   LAPACKE interface :  Fast linear algebra routines
   SCALAPACK package :  Parallel linear algebra routines




***************************************
The coordinates will be read from file: 04_hcn_iso_irc_IRC_F.xyz
***************************************


Your calculation utilizes the SMD solvation module
Please cite in your paper:
A.V. Marenich, C.J. Cramer, D.G. Truhlar J. Phys. Chem. B, 113, (2009), 6378 

leaving
----- Orbital basis set information -----
Your calculation utilizes the basis: def2-SVP
   F. Weigend and R. Ahlrichs, Phys. Chem. Chem. Phys. 7, 3297 (2005).

================================================================================
                                        WARNINGS
                       Please study these warnings very carefully!
================================================================================


WARNING: Direct SCF is incompatible with Method<>HF and Method<>DFT
  ===> : conventional SCF is chosen

WARNING: The NDO methods need Guess=HUECKEL or Guess=HCORE or Guess=MOREAD
  ===> : Guess is set to Hueckel

WARNING: The NDO methods need %rel::SOCType==1
  ===> : %rel::SOCType is set to 1

WARNING: The NDO methods cannot have frozencore=1
  ===> : %method FrozenCore=0 end

INFO   : the flag for use of LIBINT has been found!

================================================================================
                                       INPUT FILE
================================================================================
NAME = 06_hcn_iso_educt_solv.inp
|  1> ! PM3 CPCM(Water)
|  2> 
|  3> %cpcm
|  4>  smd true
|  5>  SMDsolvent "water"
|  6> end
|  7> 
|  8> *xyzfile 0 1 04_hcn_iso_irc_IRC_F.xyz
|  9> 
| 10>                          ****END OF INPUT****
================================================================================

                       ****************************
                       * Single Point Calculation *
                       ****************************

---------------------------------
CARTESIAN COORDINATES (ANGSTROEM)
---------------------------------
  C     -0.025635    0.500982   -0.568516
  H     -1.095371    0.500982   -0.602096
  N      1.129537    0.500982   -0.534632

----------------------------
CARTESIAN COORDINATES (A.U.)
----------------------------
  NO LB      ZA    FRAG     MASS         X           Y           Z
   0 C     4.0000    0    12.011   -0.048443    0.946719   -1.074339
   1 H     1.0000    0     1.008   -2.069950    0.946719   -1.137796
   2 N     5.0000    0    14.007    2.134515    0.946719   -1.010308

--------------------------------
INTERNAL COORDINATES (ANGSTROEM)
--------------------------------
 C      0   0   0     0.000000000000     0.00000000     0.00000000
 H      1   0   0     1.070262687396     0.00000000     0.00000000
 N      1   2   0     1.155668418512   179.88217460     0.00000000

---------------------------
INTERNAL COORDINATES (A.U.)
---------------------------
 C      0   0   0     0.000000000000     0.00000000     0.00000000
 H      1   0   0     2.022503370534     0.00000000     0.00000000
 N      1   2   0     2.183896812610   179.88217460     0.00000000

----------------------------
SLATER BASIS SET DIM=   9
----------------------------
  0 C     2 shells
 l=0 nsto= 1
    2       1.565085000000        1.000000000000
 l=1 nsto= 1
    2       1.842345000000        1.000000000000
  1 H     1 shells
 l=0 nsto= 1
    1       0.967807000000        1.000000000000
  2 N     2 shells
 l=0 nsto= 1
    2       2.028094000000        1.000000000000
 l=1 nsto= 1
    2       2.313728000000        1.000000000000
------------------------------------------------------------------------------
                           ORCA NDO INTEGRAL CALCULATION
------------------------------------------------------------------------------

--------------
NDO PARAMETERS
--------------

Gamma integral treatment              ... MOPAC
Nuclear repulsuion treatment          ... AM1-style
Interaction factors:
s-s (sigma) =    1.0000
s-p (sigma) =    1.0000
s-d (sigma) =    1.0000
p-p (sigma) =    1.0000  p-p(pi) =    1.0000
p-d (sigma) =    1.0000  p-d(pi) =    1.0000
d-d (sigma) =    1.0000  d-d(pi) =    1.0000 d-d (delta) =    1.0000

--------------------------
Parameters for Element H :
--------------------------
 One-electron parameters (in eV)
  U(s)  =   -13.073321 Beta(s) =     5.626512 Neff(s) =     1.000000
 One-center electron repulsion parameters (in eV)
  G(s,s)=    14.794208
--------------------------
Parameters for Element C :
--------------------------
 One-electron parameters (in eV)
  U(s)  =   -47.270320 Beta(s) =    11.910015 Neff(s) =     2.000000
  U(p)  =   -36.266918 Beta(p) =     9.802755 Neff(p) =     2.000000 
 One-center electron repulsion parameters (in eV)
  G(s,s)=    11.200708
  G(s,p)=    10.265027 G(p,p)  =     9.627141
 Slater-Condon parameters (in eV)
 F2(p,p)=     7.3072 G1(s,p)=    6.8729
--------------------------
Parameters for Element N :
--------------------------
 One-electron parameters (in eV)
  U(s)  =   -49.335672 Beta(s) =    14.062521 Neff(s) =     2.000000
  U(p)  =   -47.509736 Beta(p) =    20.043848 Neff(p) =     3.000000 
 One-center electron repulsion parameters (in eV)
  G(s,s)=    11.904787
  G(s,p)=     7.348565 G(p,p)  =    11.123075
 Slater-Condon parameters (in eV)
 F2(p,p)=     3.9475 G1(s,p)=    3.4101

 Number of atoms                    ....    3
 Number of basis functions          ....    9

 Overlap integrals                  .... done
 One electron matrix                .... done
 Nuclear repulsion                  .... done
 Integral list                      .... done
 Electron-electron repulsion        .... done
-------------------------------------------------------------------------------
                                 ORCA SCF
-------------------------------------------------------------------------------

------------
SCF SETTINGS
------------
Hamiltonian:
 ZDO-Hamiltonian        Method          .... NDDO


General Settings:
 Integral files         IntName         .... 06_hcn_iso_educt_solv
 Hartree-Fock type      HFTyp           .... RHF
 Total Charge           Charge          ....    0
 Multiplicity           Mult            ....    1
 Number of Electrons    NEL             ....   10
 Basis Dimension        Dim             ....    9
 Nuclear Repulsion      ENuc            ....      9.3424686745 Eh

Convergence Acceleration:
 DIIS                   CNVDIIS         .... on
   Start iteration      DIISMaxIt       ....    12
   Startup error        DIISStart       ....  0.200000
   # of expansion vecs  DIISMaxEq       ....     5
   Bias factor          DIISBfac        ....   1.050
   Max. coefficient     DIISMaxC        ....  10.000
 Newton-Raphson         CNVNR           .... off
 SOSCF                  CNVSOSCF        .... on
   Start iteration      SOSCFMaxIt      ....   150
   Startup grad/error   SOSCFStart      ....  0.003300
 Level Shifting         CNVShift        .... on
   Level shift para.    LevelShift      ....    0.2500
   Turn off err/grad.   ShiftErr        ....    0.0010
 Zerner damping         CNVZerner       .... off
 Static damping         CNVDamp         .... on
   Fraction old density DampFac         ....    0.7000
   Max. Damping (<1)    DampMax         ....    0.9800
   Min. Damping (>=0)   DampMin         ....    0.0000
   Turn off err/grad.   DampErr         ....    0.1000
 Fernandez-Rico         CNVRico         .... off

SCF Procedure:
 Maximum # iterations   MaxIter         ....   125
 SCF integral mode      SCFMode         .... Conventional
 Integral Buffer length BufferLength    .... 1048576
 Integral index format  IndFormat       ....     0
 Integral value format  ValFormat       ....     0
 Integral Storage       Thresh          ....  1.000e-08 Eh

Convergence Tolerance:
 Convergence Check Mode ConvCheckMode   .... Total+1el-Energy
 Convergence forced     ConvForced      .... 0
 Energy Change          TolE            ....  1.000e-06 Eh
 1-El. energy change                    ....  1.000e-03 Eh
 Orbital Gradient       TolG            ....  5.000e-05
 Orbital Rotation angle TolX            ....  5.000e-05
 DIIS Error             TolErr          ....  1.000e-06


Diagonalization of the overlap matrix:
Smallest eigenvalue                        ... 2.167e-01
Time for diagonalization                   ...    0.000 sec
Threshold for overlap eigenvalues          ... 1.000e-08
Number of eigenvalues below threshold      ... 0
Time for construction of square roots      ...    0.000 sec
Total time needed                          ...    0.000 sec

-------------------------------
INITIAL GUESS: EXTENDED HUECKEL
-------------------------------
EHT matrix was read from disk
EHT matrix was diagonalized
Initial density was built
                      ------------------
                      INITIAL GUESS DONE
                      ------------------

 InCore treatment chosen:
   Memory dedicated               ...    1024 MB
   Memory needed                  ...      0 MB
   Number of tiny    integrals    ...       0
   Number of small   integrals    ...       8
   Number of regular integrals    ...      97


--------------------
CPCM SOLVATION MODEL
--------------------
CPCM parameters:
  Epsilon                                         ...      78.3550
  Refrac                                          ...       1.3300
  Rsolv                                           ...       1.3000
  Surface type                                    ...    GEPOL SES
  Epsilon function type                           ...         CPCM
Solvent:                                     ... WATER
SMD-CDS solvent descriptors:
  Soln                                       ...    1.3328
  Soln25                                     ...    1.3323
  Sola                                       ...    0.0000
  Solb                                       ...    0.0000
  Solg                                       ...    0.0000
  Solc                                       ...    0.0000
  Solh                                       ...    0.0000
Radii:
 Radius for C  used is    3.4960 Bohr (=   1.8500 Ang.)
 Radius for H  used is    2.2677 Bohr (=   1.2000 Ang.)
 Radius for N  used is    3.5716 Bohr (=   1.8900 Ang.)
Calculating surface                               ...        done! (  0.0s)
GEPOL surface points                              ...          120
GEPOL Volume                                      ...     275.9080
GEPOL Surface-area                                ...     210.9961
Calculating surface distance matrix               ...        done! (  0.0s)
Performing Cholesky decomposition & store         ...        done! (  0.0s)
Overall time for CPCM initialization              ...                 0.0s
--------------
SCF ITERATIONS
--------------
ITER       Energy         Delta-E        Max-DP      RMS-DP      [F,P]     Damp
  0    -12.2252375013   0.000000000000 0.07689279  0.02184350  0.4427590 0.7000
  1    -12.3062407146  -0.081003213307 0.07693656  0.02095631  0.3590330 0.7000
  2    -12.3752729917  -0.069032277072 0.06431190  0.01724326  0.2840290 0.7000
  3    -12.4303475891  -0.055074597456 0.05165410  0.01374892  0.2237447 0.7000
                               ***Turning on DIIS***
  4    -12.4730216186  -0.042674029483 0.04103865  0.01087419  0.1759471 0.7000
  5    -12.6064784044  -0.133456785776 0.03717159  0.00983251  0.1381923 0.7000
  6    -12.6495416546  -0.043063250243 0.03161520  0.00831174  0.1034763 0.7000
  7    -12.6394913180   0.010050336628 0.08117253  0.02119012  0.0744355 0.0000
  8    -12.5973414962   0.042149821781 0.00342694  0.00082311  0.0033775 0.0000
                      *** Initiating the SOSCF procedure ***
                           *** Shutting down DIIS ***
                      *** Re-Reading the Fockian *** 
                      *** Removing any level shift *** 
ITER      Energy       Delta-E        Grad      Rot      Max-DP    RMS-DP
  9    -12.59442271   0.0029187826  0.000602  0.000602  0.001268  0.000289
 10    -12.59436844   0.0000542755  0.000019  0.000015  0.000030  0.000008
                 **** Energy Check signals convergence ****
              ***Rediagonalizing the Fockian in SOSCF/NRSCF***

               *****************************************************
               *                     SUCCESS                       *
               *           SCF CONVERGED AFTER  11 CYCLES          *
               *****************************************************


SMD CDS free energy correction energy :                 5.03581     Kcal/mol
Total Energy after SMD CDS correction =               -12.586343362 Eh

----------------
TOTAL SCF ENERGY
----------------

Total Energy       :          -12.58634336 Eh            -342.49181 eV

Components:
Nuclear Repulsion  :            9.34246867 Eh             254.22150 eV
Electronic Energy  :          -21.92881204 Eh            -596.71331 eV
One Electron Energy:          -33.65452207 Eh            -915.78610 eV
Two Electron Energy:           11.72571003 Eh             319.07279 eV
CPCM Dielectric    :           -1.81069372 Eh             -49.27148 eV
SMD CDS (Gcds)     :            0.00802508 Eh               0.21837 eV

CPCM Solvation Model Properties:
Surface-charge          :            3.80166970
Charge-correction       :            1.81069372 Eh              49.27148 eV
Free-energy (cav+disp)  :            0.00274203 Eh               0.07461 eV
Corrected G(solv)       :          -10.77290761 Eh            -293.14572 eV

---------------
SCF CONVERGENCE
---------------

  Last Energy change         ...   -1.9743e-09  Tolerance :   1.0000e-06
  Last MAX-Density change    ...    9.9929e-06  Tolerance :   1.0000e-05
  Last RMS-Density change    ...    2.5883e-06  Tolerance :   1.0000e-06
  Last Orbital Gradient      ...    4.9921e-06  Tolerance :   5.0000e-05
  Last Orbital Rotation      ...    5.1164e-06  Tolerance :   5.0000e-05

             **** THE GBW FILE WAS UPDATED (06_hcn_iso_educt_solv.gbw) ****
             **** DENSITY FILE WAS UPDATED (06_hcn_iso_educt_solv.scfp.tmp) ****
             **** ENERGY FILE WAS UPDATED (06_hcn_iso_educt_solv.en.tmp) ****
----------------
ORBITAL ENERGIES
----------------

  NO   OCC          E(Eh)            E(eV) 
   0   2.0000      -2.931882       -79.7806 
   1   2.0000      -2.279001       -62.0148 
   2   2.0000      -1.624964       -44.2175 
   3   2.0000      -1.624759       -44.2120 
   4   2.0000      -1.336347       -36.3638 
   5   0.0000      -0.679589       -18.4925 
   6   0.0000      -0.679520       -18.4907 
   7   0.0000      -0.161970        -4.4074 
   8   0.0000      -0.017368        -0.4726 

                    ********************************
                    * MULLIKEN POPULATION ANALYSIS *
                    ********************************

-----------------------
MULLIKEN ATOMIC CHARGES
-----------------------
   0 C :   -0.305968
   1 H :    0.127674
   2 N :    0.178294
Sum of atomic charges:    0.0000000

--------------------------------
MULLIKEN REDUCED ORBITAL CHARGES
--------------------------------
  0 C s       :     1.108378  s :     1.108378
      pz      :     1.093799  p :     3.197590
      px      :     1.009850
      py      :     1.093941
  1 H s       :     0.872326  s :     0.872326
  2 N s       :     1.543004  s :     1.543004
      pz      :     0.906604  p :     3.278702
      px      :     1.466039
      py      :     0.906059


                     *******************************
                     * LOEWDIN POPULATION ANALYSIS *
                     *******************************

----------------------
LOEWDIN ATOMIC CHARGES
----------------------
   0 C :   -0.268625
   1 H :    0.086260
   2 N :    0.182365

-------------------------------
LOEWDIN REDUCED ORBITAL CHARGES
-------------------------------
  0 C s       :     1.046225  s :     1.046225
      pz      :     1.091691  p :     3.222400
      px      :     1.038904
      py      :     1.091804
  1 H s       :     0.913740  s :     0.913740
  2 N s       :     1.490646  s :     1.490646
      pz      :     0.908774  p :     3.326989
      px      :     1.510019
      py      :     0.908196


                      *****************************
                      * MAYER POPULATION ANALYSIS *
                      *****************************

  NA   - Mulliken gross atomic population
  ZA   - Total nuclear charge
  QA   - Mulliken gross atomic charge
  VA   - Mayer's total valence
  BVA  - Mayer's bonded valence
  FA   - Mayer's free valence

  ATOM       NA         ZA         QA         VA         BVA        FA
  0 C      4.3060     4.0000    -0.3060     3.9633     3.9633     0.0000
  1 H      0.8723     1.0000     0.1277     0.9837     0.9837     0.0000
  2 N      4.8217     5.0000     0.1783     2.9830     2.9830    -0.0000

  Mayer bond orders larger than 0.1
B(  0-C ,  1-H ) :   0.9820 B(  0-C ,  2-N ) :   2.9813 

-------
TIMINGS
-------

Total SCF time: 0 days 0 hours 0 min 1 sec 

Total time                  ....       1.938 sec
Sum of individual times     ....       0.052 sec  (  2.7%)

Fock matrix formation       ....       0.047 sec  (  2.4%)
Diagonalization             ....       0.000 sec  (  0.0%)
Density matrix formation    ....       0.000 sec  (  0.0%)
Population analysis         ....       0.000 sec  (  0.0%)
Initial guess               ....       0.000 sec  (  0.0%)
Orbital Transformation      ....       0.000 sec  (  0.0%)
Orbital Orthonormalization  ....       0.000 sec  (  0.0%)
DIIS solution               ....       0.004 sec  (  0.2%)
SOSCF solution              ....       0.000 sec  (  0.0%)

-------------------------   --------------------
FINAL SINGLE POINT ENERGY       -12.586343362194
-------------------------   --------------------


                            ***************************************
                            *     ORCA property calculations      *
                            ***************************************

                                    ---------------------
                                    Active property flags
                                    ---------------------
   (+) Dipole Moment


------------------------------------------------------------------------------
                       ORCA ELECTRIC PROPERTIES CALCULATION
------------------------------------------------------------------------------

Dipole Moment Calculation                       ... on
Quadrupole Moment Calculation                   ... off
Polarizability Calculation                      ... off
GBWName                                         ... 06_hcn_iso_educt_solv.gbw
Electron density file                           ... 06_hcn_iso_educt_solv.scfp.tmp
The origin for moment calculation is the CENTER OF MASS  = ( 1.007541,  0.946719 -1.043520)

-------------
DIPOLE MOMENT
-------------
                                X             Y             Z
Electronic contribution:      4.30729       0.00000       0.13137
Nuclear contribution   :     -1.66655       0.00000      -0.05149
                        -----------------------------------------
Total Dipole Moment    :      2.64074       0.00000       0.07988
                        -----------------------------------------
Magnitude (a.u.)       :      2.64195
Magnitude (Debye)      :      6.71529



--------------------
Rotational spectrum 
--------------------
 
Rotational constants in cm-1: 4740387.317016     1.476718     1.476718 
Rotational constants in MHz : 142113236564.020325 44270.902543 44270.888752 

 Dipole components along the rotational axes: 
x,y,z [a.u.] :     2.641945     0.001585     0.000000 
x,y,z [Debye]:     6.715290     0.004029     0.000000 

 

Timings for individual modules:

Sum of individual times         ...        2.050 sec (=   0.034 min)
STO integral calculation        ...        0.102 sec (=   0.002 min)   5.0 %
SCF iterations                  ...        1.948 sec (=   0.032 min)  95.0 %
                             ****ORCA TERMINATED NORMALLY****
TOTAL RUN TIME: 0 days 0 hours 0 minutes 2 seconds 141 msec
