
                                 *****************
                                 * O   R   C   A *
                                 *****************

           --- An Ab Initio, DFT and Semiempirical electronic structure package ---

                  #######################################################
                  #                        -***-                        #
                  #          Department of theory and spectroscopy      #
                  #               Directorship: Frank Neese             #
                  #        Max Planck Institute fuer Kohlenforschung    #
                  #                Kaiser Wilhelm Platz 1               #
                  #                 D-45470 Muelheim/Ruhr               #
                  #                      Germany                        #
                  #                                                     #
                  #                  All rights reserved                #
                  #                        -***-                        #
                  #######################################################


                         Program Version 4.1.0  - RELEASE  -


 With contributions from (in alphabetic order):
   Daniel Aravena         : Magnetic Properties
   Michael Atanasov       : Ab Initio Ligand Field Theory
   Alexander A. Auer      : GIAO ZORA
   Ute Becker             : Parallelization
   Giovanni Bistoni       : ED, Open-shell LED
   Martin Brehm           : Molecular dynamics
   Dmytro Bykov           : SCF Hessian
   Vijay G. Chilkuri      : MRCI spin determinant printing
   Dipayan Datta          : RHF DLPNO-CCSD density
   Achintya Kumar Dutta   : EOM-CC, STEOM-CC
   Dmitry Ganyushin       : Spin-Orbit,Spin-Spin,Magnetic field MRCI
   Miquel Garcia          : C-PCM Hessian
   Yang Guo               : DLPNO-NEVPT2, CIM, IAO-localization
   Andreas Hansen         : Spin unrestricted coupled pair/coupled cluster methods
   Benjamin Helmich-Paris : CASSCF linear response (MC-RPA)
   Lee Huntington         : MR-EOM, pCC
   Robert Izsak           : Overlap fitted RIJCOSX, COSX-SCS-MP3, EOM
   Christian Kollmar      : KDIIS, OOCD, Brueckner-CCSD(T), CCSD density
   Simone Kossmann        : Meta GGA functionals, TD-DFT gradient, OOMP2, MP2 Hessian
   Martin Krupicka        : AUTO-CI
   Lucas Lang             : DCDCAS
   Dagmar Lenk            : GEPOL surface, SMD
   Dimitrios Liakos       : Extrapolation schemes; parallel MDCI
   Dimitrios Manganas     : ROCIS; embedding schemes
   Dimitrios Pantazis     : SARC Basis sets
   Taras Petrenko         : DFT Hessian,TD-DFT gradient, ASA, ECA, R-Raman, ABS, FL, XAS/XES, NRVS
   Peter Pinski           : DLPNO-MP2, DLPNO-MP2 Gradient
   Christoph Reimann      : Effective Core Potentials
   Marius Retegan         : Local ZFS, SOC
   Christoph Riplinger    : Optimizer, TS searches, QM/MM, DLPNO-CCSD(T), (RO)-DLPNO pert. Triples
   Tobias Risthaus        : Range-separated hybrids, TD-DFT gradient, RPA, STAB
   Michael Roemelt        : Restricted open shell CIS
   Masaaki Saitow         : Open-shell DLPNO
   Barbara Sandhoefer     : DKH picture change effects
   Avijit Sen             : IP-ROCIS
   Kantharuban Sivalingam : CASSCF convergence, NEVPT2, FIC-MRCI
   Bernardo de Souza      : ESD, SOC TD-DFT
   Georgi Stoychev        : AutoAux, RI-MP2 NMR
   Willem Van den Heuvel  : Paramagnetic NMR
   Boris Wezisla          : Elementary symmetry handling
   Frank Wennmohs         : Technical directorship


 We gratefully acknowledge several colleagues who have allowed us to
 interface, adapt or use parts of their codes:
   Stefan Grimme, W. Hujo, H. Kruse,             : VdW corrections, initial TS optimization,
                  C. Bannwarth                     DFT functionals, gCP, sTDA/sTD-DF
   Ed Valeev                                     : LibInt (2-el integral package), F12 methods
   Garnet Chan, S. Sharma, J. Yang, R. Olivares  : DMRG
   Ulf Ekstrom                                   : XCFun DFT Library
   Mihaly Kallay                                 : mrcc  (arbitrary order and MRCC methods)
   Andreas Klamt, Michael Diedenhofen            : otool_cosmo (COSMO solvation model)
   Jiri Pittner, Ondrej Demel                    : Mk-CCSD
   Frank Weinhold                                : gennbo (NPA and NBO analysis)
   Christopher J. Cramer and Donald G. Truhlar   : smd solvation model
   Lars Goerigk                                  : TD-DFT with DH, B97 family of functionals
   V. Asgeirsson, H. Jonsson                     : NEB implementation
   FAccTs GmbH                                   : IRC, NEB, NEB-TS, Multilevel


 Your calculation uses the libint2 library for the computation of 2-el integrals
 For citations please refer to: http://libint.valeyev.net

 This ORCA versions uses:
   CBLAS   interface :  Fast vector & matrix operations
   LAPACKE interface :  Fast linear algebra routines
   SCALAPACK package :  Parallel linear algebra routines




***************************************
The coordinates will be read from file: 04_hcn_iso_irc_IRC_B_z_align.xyz
***************************************


leaving
----- Orbital basis set information -----
Your calculation utilizes the basis: def2-SVP
   F. Weigend and R. Ahlrichs, Phys. Chem. Chem. Phys. 7, 3297 (2005).

================================================================================
                                        WARNINGS
                       Please study these warnings very carefully!
================================================================================


WARNING: Direct SCF is incompatible with Method<>HF and Method<>DFT
  ===> : conventional SCF is chosen

WARNING: The NDO methods need Guess=HUECKEL or Guess=HCORE or Guess=MOREAD
  ===> : Guess is set to Hueckel

WARNING: The NDO methods need %rel::SOCType==1
  ===> : %rel::SOCType is set to 1

WARNING: The NDO methods cannot have frozencore=1
  ===> : %method FrozenCore=0 end

WARNING: Analytical Hessian for frequencies calculation 
       : with Method<>HF or Method<>DFT is not available!
  ===> : Switching to Numerical Hessian!

INFO   : the flag for use of LIBINT has been found!

================================================================================
                                       INPUT FILE
================================================================================
NAME = 07_hcn_iso_product_freq.inp
|  1> ! PM3 Freq
|  2> 
|  3> *xyzfile 0 1 04_hcn_iso_irc_IRC_B_z_align.xyz
|  4> 
|  5>                          ****END OF INPUT****
================================================================================

                       ****************************
                       * Single Point Calculation *
                       ****************************

---------------------------------
CARTESIAN COORDINATES (ANGSTROEM)
---------------------------------
  C      0.000000    0.000000    0.000000
  H      0.000000   -0.000000    2.153280
  N      0.000000   -0.000000    1.177520

----------------------------
CARTESIAN COORDINATES (A.U.)
----------------------------
  NO LB      ZA    FRAG     MASS         X           Y           Z
   0 C     4.0000    0    12.011    0.000000    0.000000    0.000000
   1 H     1.0000    0     1.008    0.000000   -0.000000    4.069109
   2 N     5.0000    0    14.007    0.000000   -0.000000    2.225190

--------------------------------
INTERNAL COORDINATES (ANGSTROEM)
--------------------------------
 C      0   0   0     0.000000000000     0.00000000     0.00000000
 H      1   0   0     2.153280000000     0.00000000     0.00000000
 N      2   1   0     0.975760000000     0.00000085     0.00000000

---------------------------
INTERNAL COORDINATES (A.U.)
---------------------------
 C      0   0   0     0.000000000000     0.00000000     0.00000000
 H      1   0   0     4.069109489650     0.00000000     0.00000000
 N      2   1   0     1.843919172435     0.00000085     0.00000000

----------------------------
SLATER BASIS SET DIM=   9
----------------------------
  0 C     2 shells
 l=0 nsto= 1
    2       1.565085000000        1.000000000000
 l=1 nsto= 1
    2       1.842345000000        1.000000000000
  1 H     1 shells
 l=0 nsto= 1
    1       0.967807000000        1.000000000000
  2 N     2 shells
 l=0 nsto= 1
    2       2.028094000000        1.000000000000
 l=1 nsto= 1
    2       2.313728000000        1.000000000000

Checking for AutoStart:
The File: 07_hcn_iso_product_freq.gbw exists
Trying to determine its content:
     ... Fine, the file contains calculation information
     ... Fine, the calculation information was read
     ... Fine, the file contains a basis set
     ... Fine, the basis set was read
     ... Fine, the file contains a geometry
     ... Fine, the geometry was read
     ... Fine, the file contains a set of orbitals
     ... Fine, the orbitals can be read
     => possible old guess file was deleted
     => GBW file was renamed to GES file
     => GES file is set as startup file
     => Guess is set to MORead
     ... now leaving AutoStart

------------------------------------------------------------------------------
                           ORCA NDO INTEGRAL CALCULATION
------------------------------------------------------------------------------

--------------
NDO PARAMETERS
--------------

Gamma integral treatment              ... MOPAC
Nuclear repulsuion treatment          ... AM1-style
Interaction factors:
s-s (sigma) =    1.0000
s-p (sigma) =    1.0000
s-d (sigma) =    1.0000
p-p (sigma) =    1.0000  p-p(pi) =    1.0000
p-d (sigma) =    1.0000  p-d(pi) =    1.0000
d-d (sigma) =    1.0000  d-d(pi) =    1.0000 d-d (delta) =    1.0000

--------------------------
Parameters for Element H :
--------------------------
 One-electron parameters (in eV)
  U(s)  =   -13.073321 Beta(s) =     5.626512 Neff(s) =     1.000000
 One-center electron repulsion parameters (in eV)
  G(s,s)=    14.794208
--------------------------
Parameters for Element C :
--------------------------
 One-electron parameters (in eV)
  U(s)  =   -47.270320 Beta(s) =    11.910015 Neff(s) =     2.000000
  U(p)  =   -36.266918 Beta(p) =     9.802755 Neff(p) =     2.000000 
 One-center electron repulsion parameters (in eV)
  G(s,s)=    11.200708
  G(s,p)=    10.265027 G(p,p)  =     9.627141
 Slater-Condon parameters (in eV)
 F2(p,p)=     7.3072 G1(s,p)=    6.8729
--------------------------
Parameters for Element N :
--------------------------
 One-electron parameters (in eV)
  U(s)  =   -49.335672 Beta(s) =    14.062521 Neff(s) =     2.000000
  U(p)  =   -47.509736 Beta(p) =    20.043848 Neff(p) =     3.000000 
 One-center electron repulsion parameters (in eV)
  G(s,s)=    11.904787
  G(s,p)=     7.348565 G(p,p)  =    11.123075
 Slater-Condon parameters (in eV)
 F2(p,p)=     3.9475 G1(s,p)=    3.4101

 Number of atoms                    ....    3
 Number of basis functions          ....    9

 Overlap integrals                  .... done
 One electron matrix                .... done
 Nuclear repulsion                  .... done
 Integral list                      .... done
 Electron-electron repulsion        .... done
-------------------------------------------------------------------------------
                                 ORCA SCF
-------------------------------------------------------------------------------

------------
SCF SETTINGS
------------
Hamiltonian:
 ZDO-Hamiltonian        Method          .... NDDO


General Settings:
 Integral files         IntName         .... 07_hcn_iso_product_freq
 Hartree-Fock type      HFTyp           .... RHF
 Total Charge           Charge          ....    0
 Multiplicity           Mult            ....    1
 Number of Electrons    NEL             ....   10
 Basis Dimension        Dim             ....    9
 Nuclear Repulsion      ENuc            ....      9.5652167700 Eh

Convergence Acceleration:
 DIIS                   CNVDIIS         .... on
   Start iteration      DIISMaxIt       ....    12
   Startup error        DIISStart       ....  0.200000
   # of expansion vecs  DIISMaxEq       ....     5
   Bias factor          DIISBfac        ....   1.050
   Max. coefficient     DIISMaxC        ....  10.000
 Newton-Raphson         CNVNR           .... off
 SOSCF                  CNVSOSCF        .... on
   Start iteration      SOSCFMaxIt      ....   150
   Startup grad/error   SOSCFStart      ....  0.003300
 Level Shifting         CNVShift        .... on
   Level shift para.    LevelShift      ....    0.2500
   Turn off err/grad.   ShiftErr        ....    0.0010
 Zerner damping         CNVZerner       .... off
 Static damping         CNVDamp         .... on
   Fraction old density DampFac         ....    0.7000
   Max. Damping (<1)    DampMax         ....    0.9800
   Min. Damping (>=0)   DampMin         ....    0.0000
   Turn off err/grad.   DampErr         ....    0.1000
 Fernandez-Rico         CNVRico         .... off

SCF Procedure:
 Maximum # iterations   MaxIter         ....   125
 SCF integral mode      SCFMode         .... Conventional
 Integral Buffer length BufferLength    .... 1048576
 Integral index format  IndFormat       ....     0
 Integral value format  ValFormat       ....     0
 Integral Storage       Thresh          ....  1.000e-08 Eh

Convergence Tolerance:
 Convergence Check Mode ConvCheckMode   .... Total+1el-Energy
 Convergence forced     ConvForced      .... 0
 Energy Change          TolE            ....  1.000e-06 Eh
 1-El. energy change                    ....  1.000e-03 Eh
 Orbital Gradient       TolG            ....  5.000e-05
 Orbital Rotation angle TolX            ....  5.000e-05
 DIIS Error             TolErr          ....  1.000e-06


Diagonalization of the overlap matrix:
Smallest eigenvalue                        ... 2.288e-01
Time for diagonalization                   ...    0.000 sec
Threshold for overlap eigenvalues          ... 1.000e-08
Number of eigenvalues below threshold      ... 0
Time for construction of square roots      ...    0.000 sec
Total time needed                          ...    0.000 sec

---------------------
INITIAL GUESS: MOREAD
---------------------
Guess MOs are being read from file: 07_hcn_iso_product_freq.ges
Input geometry compatible with but different from current geometry
Input basis set matches current basis set (good)
                      ------------------
                      INITIAL GUESS DONE (   0.0 sec)
                      ------------------

 InCore treatment chosen:
   Memory dedicated               ...    1024 MB
   Memory needed                  ...      0 MB
   Number of tiny    integrals    ...       0
   Number of small   integrals    ...       0
   Number of regular integrals    ...      77

--------------
SCF ITERATIONS
--------------
ITER       Energy         Delta-E        Max-DP      RMS-DP      [F,P]     Damp
                      *** Initiating the SOSCF procedure ***
                      *** Re-Reading the Fockian *** 
                      *** Removing any level shift *** 
ITER      Energy       Delta-E        Grad      Rot      Max-DP    RMS-DP
  0    -10.80552178 -10.8055217791  0.000122  0.000122  0.000257  0.000038
                 **** Energy Check signals convergence ****
              ***Rediagonalizing the Fockian in SOSCF/NRSCF***

               *****************************************************
               *                     SUCCESS                       *
               *           SCF CONVERGED AFTER   1 CYCLES          *
               *****************************************************


----------------
TOTAL SCF ENERGY
----------------

Total Energy       :          -10.80552187 Eh            -294.03320 eV

Components:
Nuclear Repulsion  :            9.56521677 Eh             260.28278 eV
Electronic Energy  :          -20.37073864 Eh            -554.31598 eV
One Electron Energy:          -34.15378424 Eh            -929.37172 eV
Two Electron Energy:           13.78304560 Eh             375.05574 eV


---------------
SCF CONVERGENCE
---------------

  Last Energy change         ...   -9.0610e-08  Tolerance :   1.0000e-06
  Last MAX-Density change    ...    2.3710e-04  Tolerance :   1.0000e-05
  Last RMS-Density change    ...    3.6196e-05  Tolerance :   1.0000e-06
  Last Orbital Gradient      ...    8.3828e-05  Tolerance :   5.0000e-05
  Last Orbital Rotation      ...    1.5813e-04  Tolerance :   5.0000e-05

             **** THE GBW FILE WAS UPDATED (07_hcn_iso_product_freq.gbw) ****
             **** DENSITY FILE WAS UPDATED (07_hcn_iso_product_freq.scfp.tmp) ****
             **** ENERGY FILE WAS UPDATED (07_hcn_iso_product_freq.en.tmp) ****
----------------
ORBITAL ENERGIES
----------------

  NO   OCC          E(Eh)            E(eV) 
   0   2.0000      -1.160285       -31.5730 
   1   2.0000      -0.761563       -20.7232 
   2   2.0000      -0.468783       -12.7562 
   3   2.0000      -0.468783       -12.7562 
   4   2.0000      -0.434432       -11.8215 
   5   0.0000       0.061332         1.6689 
   6   0.0000       0.070499         1.9184 
   7   0.0000       0.070499         1.9184 
   8   0.0000       0.262019         7.1299 

                    ********************************
                    * MULLIKEN POPULATION ANALYSIS *
                    ********************************

-----------------------
MULLIKEN ATOMIC CHARGES
-----------------------
   0 C :   -0.056138
   1 H :    0.238032
   2 N :   -0.181893
Sum of atomic charges:    0.0000000

--------------------------------
MULLIKEN REDUCED ORBITAL CHARGES
--------------------------------
  0 C s       :     1.924035  s :     1.924035
      pz      :     0.784079  p :     2.132103
      px      :     0.674011
      py      :     0.674013
  1 H s       :     0.761968  s :     0.761968
  2 N s       :     1.570153  s :     1.570153
      pz      :     0.959765  p :     3.611740
      px      :     1.325989
      py      :     1.325987


                     *******************************
                     * LOEWDIN POPULATION ANALYSIS *
                     *******************************

----------------------
LOEWDIN ATOMIC CHARGES
----------------------
   0 C :   -0.145085
   1 H :    0.165703
   2 N :   -0.020617

-------------------------------
LOEWDIN REDUCED ORBITAL CHARGES
-------------------------------
  0 C s       :     1.841872  s :     1.841872
      pz      :     0.941724  p :     2.303213
      px      :     0.680744
      py      :     0.680746
  1 H s       :     0.834297  s :     0.834297
  2 N s       :     1.365418  s :     1.365418
      pz      :     1.016689  p :     3.655200
      px      :     1.319256
      py      :     1.319254


                      *****************************
                      * MAYER POPULATION ANALYSIS *
                      *****************************

  NA   - Mulliken gross atomic population
  ZA   - Total nuclear charge
  QA   - Mulliken gross atomic charge
  VA   - Mayer's total valence
  BVA  - Mayer's bonded valence
  FA   - Mayer's free valence

  ATOM       NA         ZA         QA         VA         BVA        FA
  0 C      4.0561     4.0000    -0.0561     2.7132     2.7132     0.0000
  1 H      0.7620     1.0000     0.2380     0.9433     0.9433     0.0000
  2 N      5.1819     5.0000    -0.1819     3.4613     3.4613     0.0000

  Mayer bond orders larger than 0.1
B(  0-C ,  2-N ) :   2.6156 B(  1-H ,  2-N ) :   0.8457 

-------
TIMINGS
-------

Total SCF time: 0 days 0 hours 0 min 0 sec 

Total time                  ....       0.150 sec
Sum of individual times     ....       0.006 sec  (  4.2%)

Fock matrix formation       ....       0.004 sec  (  2.9%)
Diagonalization             ....       0.000 sec  (  0.0%)
Density matrix formation    ....       0.000 sec  (  0.0%)
Population analysis         ....       0.001 sec  (  0.7%)
Initial guess               ....       0.000 sec  (  0.2%)
Orbital Transformation      ....       0.000 sec  (  0.0%)
Orbital Orthonormalization  ....       0.000 sec  (  0.0%)
DIIS solution               ....       0.000 sec  (  0.0%)
SOSCF solution              ....       0.000 sec  (  0.3%)

-------------------------   --------------------
FINAL SINGLE POINT ENERGY       -10.805521869723
-------------------------   --------------------


                            ***************************************
                            *     ORCA property calculations      *
                            ***************************************

                                    ---------------------
                                    Active property flags
                                    ---------------------
   (+) Dipole Moment


------------------------------------------------------------------------------
                       ORCA ELECTRIC PROPERTIES CALCULATION
------------------------------------------------------------------------------

Dipole Moment Calculation                       ... on
Quadrupole Moment Calculation                   ... off
Polarizability Calculation                      ... off
GBWName                                         ... 07_hcn_iso_product_freq.gbw
Electron density file                           ... 07_hcn_iso_product_freq.scfp.tmp
The origin for moment calculation is the CENTER OF MASS  = ( 0.000000,  0.000000  1.305036)

-------------
DIPOLE MOMENT
-------------
                                X             Y             Z
Electronic contribution:      0.00006       0.00000      -3.19571
Nuclear contribution   :      0.00000       0.00000       2.14470
                        -----------------------------------------
Total Dipole Moment    :      0.00006       0.00000      -1.05100
                        -----------------------------------------
Magnitude (a.u.)       :      1.05100
Magnitude (Debye)      :      2.67144



--------------------
Rotational spectrum 
--------------------
 
Rotational constants in cm-1:     0.000000     1.504358     1.504358 
Rotational constants in MHz :     0.000000 45099.532359 45099.532359 

 Dipole components along the rotational axes: 
x,y,z [a.u.] :    -1.051005     0.000000     0.000064 
x,y,z [Debye]:    -2.671441     0.000000     0.000164 

 

----------------------------------------------------------------------------
                           ORCA NUMERICAL FREQUENCIES
----------------------------------------------------------------------------

Number of atoms                ... 3
Central differences            ... used
Number of displacements        ... 18
Numerical increment            ... 0.005 bohr
IR-spectrum generation         ... on
Raman-spectrum generation      ... off
Surface Crossing Hessian       ... off

The output will be reduced. Please look at the following files:
SCF program output             ... >07_hcn_iso_product_freq.lastscf
Integral program output        ... >07_hcn_iso_product_freq.lastint
Gradient program output        ... >07_hcn_iso_product_freq.lastgrad
Dipole moment program output   ... >07_hcn_iso_product_freq.lastmom
AutoCI program output          ... >07_hcn_iso_product_freq.lastautoci


         <<< Energy and Gradient at the input geometry >>>

        <<< Energy and Gradient at displaced geometries >>>
             <<<Displacing   1/coordinate 1 (+)>>>
             <<<Displacing   1/coordinate 1 (-)>>>
             <<<Displacing   1/coordinate 2 (+)>>>
             <<<Displacing   1/coordinate 2 (-)>>>
             <<<Displacing   1/coordinate 3 (+)>>>
             <<<Displacing   1/coordinate 3 (-)>>>
             <<<Displacing   2/coordinate 1 (+)>>>
             <<<Displacing   2/coordinate 1 (-)>>>
             <<<Displacing   2/coordinate 2 (+)>>>
             <<<Displacing   2/coordinate 2 (-)>>>
             <<<Displacing   2/coordinate 3 (+)>>>
             <<<Displacing   2/coordinate 3 (-)>>>
             <<<Displacing   3/coordinate 1 (+)>>>
             <<<Displacing   3/coordinate 1 (-)>>>
             <<<Displacing   3/coordinate 2 (+)>>>
             <<<Displacing   3/coordinate 2 (-)>>>
             <<<Displacing   3/coordinate 3 (+)>>>
             <<<Displacing   3/coordinate 3 (-)>>>
Warning: T+R mode no 5 is zero 

-----------------------
VIBRATIONAL FREQUENCIES
-----------------------

Scaling factor for frequencies =  1.000000000 (already applied!)

   0:         0.00 cm**-1
   1:         0.00 cm**-1
   2:         0.00 cm**-1
   3:         0.00 cm**-1
   4:         0.00 cm**-1
   5:       906.09 cm**-1
   6:       906.09 cm**-1
   7:      2172.02 cm**-1
   8:      3587.41 cm**-1


------------
NORMAL MODES
------------

These modes are the cartesian displacements weighted by the diagonal matrix
M(i,i)=1/sqrt(m[i]) where m[i] is the mass of the displaced atom
Thus, these vectors are normalized but *not* orthogonal

                  0          1          2          3          4          5    
      0       0.000000   0.000000   0.000000   0.000000   0.000000  -0.068786
      1       0.000000   0.000000   0.000000   0.000000   0.000000   0.000024
      2       0.000000   0.000000   0.000000   0.000000   0.000000  -0.000001
      3       0.000000   0.000000   0.000000   0.000000   0.000000  -0.989104
      4       0.000000   0.000000   0.000000   0.000000   0.000000   0.000350
      5       0.000000   0.000000   0.000000   0.000000   0.000000  -0.000007
      6       0.000000   0.000000   0.000000   0.000000   0.000000   0.130164
      7       0.000000   0.000000   0.000000   0.000000   0.000000  -0.000046
      8       0.000000   0.000000   0.000000   0.000000   0.000000   0.000001
                   6          7          8    
      0      -0.000024  -0.000000  -0.000000
      1      -0.068786   0.000000  -0.000000
      2      -0.000000   0.564707   0.022465
      3      -0.000350  -0.000006  -0.000006
      4      -0.989104   0.000000  -0.000000
      5      -0.000000  -0.702143   0.995606
      6       0.000046   0.000001   0.000001
      7       0.130164  -0.000000   0.000000
      8       0.000000  -0.433707  -0.090911


-----------
IR SPECTRUM  
-----------

 Mode    freq (cm**-1)   T**2         TX         TY         TZ
-------------------------------------------------------------------
   5:       906.09   30.118996  (  5.488077  -0.001943  -0.000783)
   6:       906.09   30.119046  (  0.001943   5.488082  -0.000000)
   7:      2172.02  245.951254  (  0.000025   0.000000  15.682833)
   8:      3587.41  2061.420222  ( -0.000171  -0.000000  45.402866)

The first frequency considered to be a vibration is 5
The total number of vibrations considered is 4


--------------------------
THERMOCHEMISTRY AT 298.15K
--------------------------

Temperature         ... 298.15 K
Pressure            ... 1.00 atm
Total Mass          ... 27.03 AMU
The molecule is recognized as being linear

Throughout the following assumptions are being made:
  (1) The electronic state is orbitally nondegenerate
  (2) There are no thermally accessible electronically excited states
  (3) Hindered rotations indicated by low frequency modes are not
      treated as such but are treated as vibrations and this may
      cause some error
  (4) All equations used are the standard statistical mechanics
      equations for an ideal gas
  (5) All vibrations are strictly harmonic

freq.     906.09  E(vib)   ...       0.03 
freq.     906.09  E(vib)   ...       0.03 
freq.    2172.02  E(vib)   ...       0.00 
freq.    3587.41  E(vib)   ...       0.00 

------------
INNER ENERGY
------------

The inner energy is: U= E(el) + E(ZPE) + E(vib) + E(rot) + E(trans)
    E(el)   - is the total energy from the electronic structure calculation
              = E(kin-el) + E(nuc-el) + E(el-el) + E(nuc-nuc)
    E(ZPE)  - the the zero temperature vibrational energy from the frequency calculation
    E(vib)  - the the finite temperature correction to E(ZPE) due to population
              of excited vibrational states
    E(rot)  - is the rotational thermal energy
    E(trans)- is the translational thermal energy

Summary of contributions to the inner energy U:
Electronic energy                ...    -10.80552193 Eh
Zero point energy                ...      0.01724941 Eh      10.82 kcal/mol
Thermal vibrational correction   ...      0.00010582 Eh       0.07 kcal/mol
Thermal rotational correction    ...      0.00094418 Eh       0.59 kcal/mol
Thermal translational correction ...      0.00141627 Eh       0.89 kcal/mol
-----------------------------------------------------------------------
Total thermal energy                    -10.78580625 Eh


Summary of corrections to the electronic energy:
(perhaps to be used in another calculation)
Total thermal correction                  0.00246627 Eh       1.55 kcal/mol
Non-thermal (ZPE) correction              0.01724941 Eh      10.82 kcal/mol
-----------------------------------------------------------------------
Total correction                          0.01971568 Eh      12.37 kcal/mol


--------
ENTHALPY
--------

The enthalpy is H = U + kB*T
                kB is Boltzmann's constant
Total free energy                 ...    -10.78580625 Eh 
Thermal Enthalpy correction       ...      0.00094421 Eh       0.59 kcal/mol
-----------------------------------------------------------------------
Total Enthalpy                    ...    -10.78486204 Eh


Note: Rotational entropy computed according to Herzberg 
Infrared and Raman Spectra, Chapter V,1, Van Nostrand Reinhold, 1945 
Point Group:  Cinfv, Symmetry Number:   1  
Rotational constants in cm-1:     0.000000     1.504358     1.504358 

Vibrational entropy computed according to the QRRHO of S. Grimme
Chem.Eur.J. 2012 18 9955


-------
ENTROPY
-------

The entropy contributions are T*S = T*(S(el)+S(vib)+S(rot)+S(trans))
     S(el)   - electronic entropy
     S(vib)  - vibrational entropy
     S(rot)  - rotational entropy
     S(trans)- translational entropy
The entropies will be listed as mutliplied by the temperature to get
units of energy

Electronic entropy                ...      0.00000000 Eh      0.00 kcal/mol
Vibrational entropy               ...      0.00012990 Eh      0.08 kcal/mol
Rotational entropy                ...      0.00559469 Eh      3.51 kcal/mol
Translational entropy             ...      0.01701823 Eh     10.68 kcal/mol
-----------------------------------------------------------------------
Final entropy term                ...      0.02274283 Eh     14.27 kcal/mol


-------------------
GIBBS FREE ENTHALPY
-------------------

The Gibbs free enthalpy is G = H - T*S

Total enthalpy                    ...    -10.78486204 Eh 
Total entropy correction          ...     -0.02274283 Eh    -14.27 kcal/mol
-----------------------------------------------------------------------
Final Gibbs free enthalpy         ...    -10.80760487 Eh

For completeness - the Gibbs free enthalpy minus the electronic energy
G-E(el)                           ...     -0.00208294 Eh     -1.31 kcal/mol


Total Time for Numerical Frequencies  :         6.080 sec
Time for Reference State(s)           :         0.264 sec
Time for Displacements                :         5.783 sec

Timings for individual modules:

Sum of individual times         ...        0.374 sec (=   0.006 min)
STO integral calculation        ...        0.040 sec (=   0.001 min)  10.6 %
SCF iterations                  ...        0.320 sec (=   0.005 min)  85.6 %
SCF Gradient evaluation         ...        0.014 sec (=   0.000 min)   3.8 %
                             ****ORCA TERMINATED NORMALLY****
TOTAL RUN TIME: 0 days 0 hours 0 minutes 6 seconds 371 msec
